step[0] = Step: 0; Value: 10
step[1] = Step: 1; Value: 5
step[2] = Step: 2; Value: 16
step[3] = Step: 3; Value: 8
step[4] = Step: 4; Value: 4
step[5] = Step: 5; Value: 2
step[6] = Step: 6; Value: 1
