Id: 1
FirstName: HOMER
MiddleName: (null)
LastName: SIMPSON
Suffix: (null)
Street: 742 EVERGREEN TERRACE
City: SPRINGFIELD
State: IL
Zip: 62704
Zip4: 7023
Age: 39
